  == gem baseline  21:45:35
     3/3 med=44.1s tot=119.8s in=73945 out=115 err=0
  == gem safe-efficient  21:47:38
     3/3 med=33.7s tot=107.6s in=83427 out=118 err=0
  == gem exa-reuse  21:49:29
     2/3 med=30.5s tot=186.7s in=34366 out=52 err=2
  == gem exa-reuse+tool  21:52:38
     0/3 med=1.7s tot=5.7s in=0 out=0 err=3
  == gem mem  21:52:47
     0/3 med=1.3s tot=3.6s in=0 out=0 err=3
  == gem mem+exa-tool  21:52:53
     0/3 med=1.7s tot=4.3s in=0 out=0 err=3
DONE gem 21:53:00
  skip baseline (exists)
  skip safe-efficient (exists)
  == gem exa-reuse  22:04:39
     3/3 med=36.6s tot=140.6s in=77445 out=65 err=0
  == gem exa-reuse+tool  22:07:02
     3/3 med=44.2s tot=150.4s in=84536 out=212 err=0
  == gem mem  22:09:36
     3/3 med=67.5s tot=216.6s in=84195 out=149 err=0
  == gem mem+exa-tool  22:13:15
     3/3 med=99.9s tot=346.3s in=124222 out=87 err=0
DONE gem 22:19:05
