  == glm53 baseline  21:45:44
     2/3 med=108.1s tot=510.4s in=56002 out=424 err=1
  == glm53 safe-efficient  21:54:17
     0/3 med=0.7s tot=2.1s in=0 out=0 err=3
  == glm53 exa-reuse  21:54:22
     0/3 med=0.7s tot=2.1s in=0 out=0 err=3
  == glm53 exa-reuse+tool  21:54:27
     0/3 med=0.7s tot=2.1s in=0 out=0 err=3
  == glm53 mem  21:54:32
     0/3 med=1.0s tot=3.1s in=0 out=0 err=3
  == glm53 mem+exa-tool  21:54:37
     0/3 med=0.7s tot=2.2s in=0 out=0 err=3
DONE glm53 21:54:42
  == glm53 baseline  22:04:47
     3/3 med=58.7s tot=180.6s in=82667 out=572 err=0
  == glm53 safe-efficient  22:07:51
     3/3 med=54.1s tot=424.4s in=85169 out=640 err=0
  == glm53 exa-reuse  22:14:58
     3/3 med=177.0s tot=844.3s in=68158 out=250 err=1
  == glm53 exa-reuse+tool  22:29:06
     3/3 med=141.8s tot=390.8s in=98497 out=360 err=0
  == glm53 mem  22:35:41
  skip baseline (exists)
  skip safe-efficient (exists)
  skip exa-reuse (exists)
  skip exa-reuse+tool (exists)
  == glm53 mem  10:09:35
     3/3 med=282.0s tot=959.4s in=93823 out=942 err=0
  == glm53 mem+exa-tool  10:25:38
     3/3 med=151.2s tot=865.7s in=60447 out=745 err=1
DONE glm53 10:40:06
